✔ DLP Policy Engine: Block mode blocks payloads with sensitive secrets (0.592209ms)
✔ DLP Policy Engine: Warn mode sanitizes secrets and emits structured audit event (0.082667ms)
✔ DLP Policy Engine: Allow mode allows payload through with audit recording (0.065292ms)
✔ the schema parse finds a plausible number of owned models (1.827833ms)
✔ every user-owned model is either guarded or explicitly waived (9.64875ms)
✔ the guard names the column each model actually declares (0.516375ms)
✔ a waived model is a real model that really is owned (0.386625ms)
✔ the sync tables are guarded on accountId, not userId (0.061541ms)
✔ artifact previews enforce an opaque, no-egress document policy (0.59175ms)
✔ an approval for a move cannot be spent on the delete that was refused (0.841208ms)
✔ the same action against a changed target is a different action (0.089292ms)
✔ a standing always-allow does not survive the narrowing aimed at it (0.105166ms)
✔ verifyApproval is a predicate, not a nonce (0.084583ms)
✔ the digest binds the action, never the account that approved it (0.07425ms)
✔ there are Work route modules to check, and they were found on disk (0.063084ms)
✔ every Work route resolves the caller from the session before it reads a row (2.35825ms)
✔ every Prisma query in a Work route is scoped to the session user (3.710583ms)
✔ no Work route takes an account from anything the caller controls (2.45125ms)
✔ the one helper that takes a userId is only ever handed the session user's (0.269292ms)
✔ the request schemas have no field a client could put an account in (0.143875ms)
✔ permitsTier alone lets an unranked tool through, which is why evaluateTier exists (0.190375ms)
✔ a screen click is refused while a connector is healthy, and permitted once it is not (0.110583ms)
✔ the always-confirm list is matched exactly, never by resemblance (0.045417ms)
✔ the runner's mirror of the domain vocabulary has not drifted (0.088416ms)
✔ one restricted item poisons the whole set, wherever it sits (0.068583ms)
✔ an unclassified set resolves to public, so classifying is the caller's job (0.035292ms)
✔ the artifact shape names every field, so an account and a storage key stay behind (0.899667ms)
✔ an artifact kind this build cannot read is a bundle, not a passthrough (0.084375ms)
✔ an event whose stored visibility is unreadable is internal, never user-visible (0.072209ms)
✔ a bundle entry cannot climb out of the bundle, wherever the dots sit (0.263584ms)
✔ the traversals that only work on somebody else's filesystem are refused too (0.153791ms)
✔ the schema accepts the traversal, and the bundler is what refuses it (1.432583ms)
✔ the validator judges the stored name, not the one JSZip repaired on the way in (7.767292ms)
✔ a title cannot escape the filename or the header it is interpolated into (0.291459ms)
✔ the runner's approval lattice matches the one the server explains (0.182083ms)
✔ the modes differ, which is the whole reason the setting exists (0.029167ms)
✔ Skip cannot reach past the floor (0.025875ms)
✔ benign skill versions are clear and their permission fingerprints are canonical (2.214625ms)
✔ instruction override and secret exfiltration signals block a version (0.1235ms)
✔ risky but reviewable execution requests remain warnings (0.077417ms)
✔ wildcard and URL-shaped domains are blocked (0.064792ms)
✔ permission expansion requires consent for newly requested capabilities (0.146542ms)
✔ the runner and routes enforce the persisted gate rather than only displaying it (0.483791ms)
ℹ tests 43
ℹ suites 0
ℹ pass 43
ℹ fail 0
ℹ cancelled 0
ℹ skipped 0
ℹ todo 0
ℹ duration_ms 354.113125
