100-claim benchmark: precision 100.0% over 72 claims marked supported, recall 100.0%
optimistic judge: precision 100.0% over 16 claims marked supported, recall 100.0%
credulous judge: precision 100.0% over 16 claims marked supported, recall 100.0%
contradiction detection: 8/8
✔ the corpus is big enough, and covers all four verdicts (0.481167ms)
✔ the release benchmark has 100 deterministic factual claims (0.064458ms)
✔ the 100-claim benchmark clears the 95% supported-citation bar (8.46975ms)
✔ precision of the supported verdict clears the 95% bar (1.675375ms)
✔ precision holds even when the model rubber-stamps every pair (1.247375ms)
✔ the validator still finds most genuinely supported claims (1.441417ms)
✔ every unsupported and contradicted pair is marked, never left looking cited (1.690416ms)
✔ contradictions are called contradictions, not silence (1.583292ms)
✔ a claim marked unsupported carries a reason a reader can check (1.729917ms)
✔ report repair labels unsupported claims without inventing a replacement fact (0.614667ms)
✔ with no model available nothing is marked supported, and nothing is marked unsupported either (1.702917ms)
✔ a judge that says unsupported can never be overridden into supported (0.111708ms)
✔ the audit only ever lowers a score (1.293167ms)
✔ a publication date is not an event date (0.263958ms)
✔ supportLabel splits a near miss from a passage about something else (0.036541ms)
✔ extraction keeps the load-bearing sentences and their spans (0.326291ms)
✔ citation markers become source indices, deduplicated and in order (0.086417ms)
✔ a load-bearing sentence with no citation is a claim, and resolves to unsupported (0.096542ms)
✔ a claim's status is the best of its links, and a contradiction stays visible (0.057875ms)
✔ passages carry a locator that points back into the snapshot (0.150667ms)
✔ linking picks the passage that carries the figure, not the one that shares the topic (0.139833ms)
✔ authority separates a statistics office from a forum post (0.983583ms)
✔ freshness is measured against the event, not against today (0.06075ms)
✔ directness separates a filing from a rewrite of one (0.248708ms)
✔ source-policy classification and primary-source requirements are explicit (0.481875ms)
✔ two copies of one wire story count as one witness (0.394333ms)
✔ two different stories about the same subject are not syndication (0.055791ms)
﹣ research inspector database suite is skipped without RESEARCH_TEST_DATABASE_URL (0.257ms) # SKIP
✔ terminal states are sinks — nothing can move a finished run (0.518958ms)
✔ every live state can be cancelled, and every one but paused can be paused (0.104833ms)
✔ the pipeline order the table allows is the order nextPipelineState walks (0.123792ms)
✔ a paused run resumes into the stage its persisted work reached (0.081583ms)
✔ every state maps to a stage the panel can render (0.096458ms)
✔ event seq is monotonic from 1 with no gaps and no repeats (7.378459ms)
✔ a client reading from a cursor sees every event exactly once (2.555042ms)
✔ a resumed run does not replay the events it already emitted (1.3205ms)
✔ a worker lease fences a concurrent driver and can be reclaimed after expiry (0.371208ms)
✔ cancel is honoured before the next wave of work is paid for (0.370583ms)
✔ a search sweep dispatches a full wave at once, not one query at a time (10.710459ms)
✔ a cancelled run stays cancelled — a late driver cannot revive it (0.238583ms)
✔ a paused run does no work until it is resumed (0.859292ms)
✔ a run needing confirmation stops before it spends on searching (0.639125ms)
✔ rejecting the plan cancels the run instead of running it anyway (0.101833ms)
✔ coverage is durable and an evidence gap schedules one bounded follow-up (0.8515ms)
✔ citation validation automatically revises once and revalidates the durable report (0.962792ms)
✔ a citation validator that keeps repairing cannot create an unbounded paid loop (0.838958ms)
✔ a constraint added mid-run survives into the plan without a restart (0.190917ms)
✔ a source pinned after the reading stage sends the run back to fetch it (0.614667ms)
✔ steering a finished run is refused rather than silently dropped (1.192208ms)
✔ budgetAllows checks the estimate before the spend, not after (0.04675ms)
✔ the per-run budget stops the run and marks it partially_completed (0.725083ms)
✔ the ceiling stops a query sweep midway, not once the sweep has been paid for (0.184958ms)
✔ a ceiling holding twelve searches' worth of fees buys a sweep, not three queries (0.306959ms)
✔ every stage reserves at least what it bills and no more than the stated margin (0.193292ms)
✔ the citation audit's model spend lands on the run's ledger (0.669542ms)
✔ a ceiling with no room for the audit stops the run instead of auditing on credit (1.286375ms)
✔ a budget too small to gather anything fails rather than pretending to have results (0.064333ms)
✔ a run with no ceiling completes (0.634709ms)
✔ a report citing a source that is not in the corpus completes only partially (0.703833ms)
✔ another account cannot read, steer or stop somebody else's run (0.058166ms)
✔ a thin search preview is opened properly, a full one is left alone (0.584292ms)
✔ deepening never replaces a usable preview with a shorter body (0.2875ms)
✔ a relevant link in a page this run read becomes a source of its own (1.577791ms)
✔ an unreadable PDF says which way it was unreadable (0.096459ms)
✔ an unknown PDF detail degrades to a true sentence, not a crash (0.032208ms)
✔ research production topology has a restart-safe worker (1.294042ms)
ℹ tests 66
ℹ suites 0
ℹ pass 65
ℹ fail 0
ℹ cancelled 0
ℹ skipped 1
ℹ todo 0
ℹ duration_ms 133.079541
