100-claim benchmark: precision 100.0% over 72 claims marked supported, recall 100.0%
optimistic judge: precision 100.0% over 16 claims marked supported, recall 100.0%
credulous judge: precision 100.0% over 16 claims marked supported, recall 100.0%
contradiction detection: 8/8
✔ the corpus is big enough, and covers all four verdicts (0.604875ms)
✔ the release benchmark has 100 deterministic factual claims (0.0985ms)
✔ the 100-claim benchmark clears the 95% supported-citation bar (9.223833ms)
✔ precision of the supported verdict clears the 95% bar (2.184416ms)
✔ precision holds even when the model rubber-stamps every pair (1.406875ms)
✔ the validator still finds most genuinely supported claims (1.703166ms)
✔ every unsupported and contradicted pair is marked, never left looking cited (1.653333ms)
✔ contradictions are called contradictions, not silence (1.379125ms)
✔ a claim marked unsupported carries a reason a reader can check (1.847125ms)
✔ report repair labels unsupported claims without inventing a replacement fact (0.617ms)
✔ with no model available nothing is marked supported, and nothing is marked unsupported either (1.7955ms)
✔ a judge that says unsupported can never be overridden into supported (0.102792ms)
✔ the audit only ever lowers a score (1.128916ms)
✔ a publication date is not an event date (0.228875ms)
✔ supportLabel splits a near miss from a passage about something else (0.033125ms)
✔ extraction keeps the load-bearing sentences and their spans (0.3005ms)
✔ citation markers become source indices, deduplicated and in order (0.08925ms)
✔ a load-bearing sentence with no citation is a claim, and resolves to unsupported (0.093ms)
✔ a claim's status is the best of its links, and a contradiction stays visible (0.060334ms)
✔ passages carry a locator that points back into the snapshot (0.132958ms)
✔ linking picks the passage that carries the figure, not the one that shares the topic (0.131542ms)
✔ authority separates a statistics office from a forum post (0.957125ms)
✔ freshness is measured against the event, not against today (0.053333ms)
✔ directness separates a filing from a rewrite of one (0.233792ms)
✔ source-policy classification and primary-source requirements are explicit (0.470583ms)
✔ two copies of one wire story count as one witness (0.429875ms)
✔ two different stories about the same subject are not syndication (0.052583ms)
✔ terminal states are sinks — nothing can move a finished run (0.484292ms)
✔ every live state can be cancelled, and every one but paused can be paused (0.061125ms)
✔ the pipeline order the table allows is the order nextPipelineState walks (0.061166ms)
✔ a paused run resumes into the stage its persisted work reached (0.060875ms)
✔ every state maps to a stage the panel can render (0.073791ms)
✔ event seq is monotonic from 1 with no gaps and no repeats (7.414416ms)
✔ a client reading from a cursor sees every event exactly once (2.218375ms)
✔ a resumed run does not replay the events it already emitted (1.108542ms)
✔ a worker lease fences a concurrent driver and can be reclaimed after expiry (0.401209ms)
✔ cancel is honoured before the next wave of work is paid for (0.921375ms)
✔ a search sweep dispatches a full wave at once, not one query at a time (10.777417ms)
✔ a cancelled run stays cancelled — a late driver cannot revive it (0.269375ms)
✔ a paused run does no work until it is resumed (0.868209ms)
✔ a run needing confirmation stops before it spends on searching (0.660291ms)
✔ rejecting the plan cancels the run instead of running it anyway (0.108458ms)
✔ coverage is durable and an evidence gap schedules one bounded follow-up (0.854667ms)
✔ citation validation automatically revises once and revalidates the durable report (0.993083ms)
✔ a citation validator that keeps repairing cannot create an unbounded paid loop (0.926542ms)
✔ a constraint added mid-run survives into the plan without a restart (0.286ms)
✔ a source pinned after the reading stage sends the run back to fetch it (0.73875ms)
✔ steering a finished run is refused rather than silently dropped (1.557167ms)
✔ budgetAllows checks the estimate before the spend, not after (0.040917ms)
✔ the per-run budget stops the run and marks it partially_completed (0.744625ms)
✔ the ceiling stops a query sweep midway, not once the sweep has been paid for (0.178708ms)
✔ a ceiling holding twelve searches' worth of fees buys a sweep, not three queries (0.309917ms)
✔ every stage reserves at least what it bills and no more than the stated margin (0.193791ms)
✔ the citation audit's model spend lands on the run's ledger (0.676209ms)
✔ a ceiling with no room for the audit stops the run instead of auditing on credit (1.643041ms)
✔ a budget too small to gather anything fails rather than pretending to have results (0.106416ms)
✔ a run with no ceiling completes (0.836083ms)
✔ a report citing a source that is not in the corpus completes only partially (0.864833ms)
✔ another account cannot read, steer or stop somebody else's run (0.076ms)
✔ a thin search preview is opened properly, a full one is left alone (0.633875ms)
✔ deepening never replaces a usable preview with a shorter body (0.303667ms)
✔ a relevant link in a page this run read becomes a source of its own (1.414125ms)
✔ an unreadable PDF says which way it was unreadable (0.047ms)
✔ an unknown PDF detail degrades to a true sentence, not a crash (0.022ms)
✔ research production topology has a restart-safe worker (1.084375ms)
ℹ tests 65
ℹ suites 0
ℹ pass 65
ℹ fail 0
ℹ cancelled 0
ℹ skipped 0
ℹ todo 0
ℹ duration_ms 129.516875
