✔ DLP Policy Engine: Block mode blocks payloads with sensitive secrets (0.633458ms)
✔ DLP Policy Engine: Warn mode sanitizes secrets and emits structured audit event (0.079125ms)
✔ DLP Policy Engine: Allow mode allows payload through with audit recording (0.060625ms)
✔ the schema parse finds a plausible number of owned models (1.848708ms)
✔ every user-owned model is either guarded or explicitly waived (10.210458ms)
✔ the guard names the column each model actually declares (0.526417ms)
✔ a waived model is a real model that really is owned (0.402708ms)
✔ the sync tables are guarded on accountId, not userId (0.056959ms)
✔ artifact previews enforce an opaque, no-egress document policy (0.647417ms)
✔ an approval for a move cannot be spent on the delete that was refused (0.76075ms)
✔ the same action against a changed target is a different action (0.087375ms)
✔ a standing always-allow does not survive the narrowing aimed at it (0.091625ms)
✔ verifyApproval is a predicate, not a nonce (0.0745ms)
✔ the digest binds the action, never the account that approved it (0.067875ms)
✔ there are Work route modules to check, and they were found on disk (0.062375ms)
✔ every Work route resolves the caller from the session before it reads a row (2.326625ms)
✔ every Prisma query in a Work route is scoped to the session user (2.974666ms)
✔ no Work route takes an account from anything the caller controls (3.211334ms)
✔ the one helper that takes a userId is only ever handed the session user's (0.295ms)
✔ the request schemas have no field a client could put an account in (0.135083ms)
✔ permitsTier alone lets an unranked tool through, which is why evaluateTier exists (0.173334ms)
✔ a screen click is refused while a connector is healthy, and permitted once it is not (0.108459ms)
✔ the always-confirm list is matched exactly, never by resemblance (0.047333ms)
✔ the runner's mirror of the domain vocabulary has not drifted (0.088708ms)
✔ one restricted item poisons the whole set, wherever it sits (0.065208ms)
✔ an unclassified set resolves to public, so classifying is the caller's job (0.034459ms)
✔ the artifact shape names every field, so an account and a storage key stay behind (0.829417ms)
✔ an artifact kind this build cannot read is a bundle, not a passthrough (0.061125ms)
✔ an event whose stored visibility is unreadable is internal, never user-visible (0.06625ms)
✔ a bundle entry cannot climb out of the bundle, wherever the dots sit (0.187541ms)
✔ the traversals that only work on somebody else's filesystem are refused too (0.115458ms)
✔ the schema accepts the traversal, and the bundler is what refuses it (1.362042ms)
✔ the validator judges the stored name, not the one JSZip repaired on the way in (6.679459ms)
✔ a title cannot escape the filename or the header it is interpolated into (0.271708ms)
✔ the runner's approval lattice matches the one the server explains (0.186125ms)
✔ the modes differ, which is the whole reason the setting exists (0.027125ms)
✔ Skip cannot reach past the floor (0.025416ms)
✔ benign skill versions are clear and their permission fingerprints are canonical (2.153209ms)
✔ instruction override and secret exfiltration signals block a version (0.178833ms)
✔ risky but reviewable execution requests remain warnings (0.086833ms)
✔ wildcard and URL-shaped domains are blocked (0.066083ms)
✔ permission expansion requires consent for newly requested capabilities (0.179709ms)
✔ the runner and routes enforce the persisted gate rather than only displaying it (0.5175ms)
ℹ tests 43
ℹ suites 0
ℹ pass 43
ℹ fail 0
ℹ cancelled 0
ℹ skipped 0
ℹ todo 0
ℹ duration_ms 362.741458
