100-claim benchmark: precision 100.0% over 72 claims marked supported, recall 100.0%
optimistic judge: precision 100.0% over 16 claims marked supported, recall 100.0%
credulous judge: precision 100.0% over 16 claims marked supported, recall 100.0%
contradiction detection: 8/8
✔ the corpus is big enough, and covers all four verdicts (0.395375ms)
✔ the release benchmark has 100 deterministic factual claims (0.060334ms)
✔ the 100-claim benchmark clears the 95% supported-citation bar (7.919459ms)
✔ precision of the supported verdict clears the 95% bar (1.660167ms)
✔ precision holds even when the model rubber-stamps every pair (1.345ms)
✔ the validator still finds most genuinely supported claims (1.402208ms)
✔ every unsupported and contradicted pair is marked, never left looking cited (1.598958ms)
✔ contradictions are called contradictions, not silence (1.359584ms)
✔ a claim marked unsupported carries a reason a reader can check (1.371083ms)
✔ report repair labels unsupported claims without inventing a replacement fact (0.599458ms)
✔ with no model available nothing is marked supported, and nothing is marked unsupported either (1.664833ms)
✔ a judge that says unsupported can never be overridden into supported (0.123375ms)
✔ the audit only ever lowers a score (1.198625ms)
✔ a publication date is not an event date (0.230208ms)
✔ supportLabel splits a near miss from a passage about something else (0.032583ms)
✔ extraction keeps the load-bearing sentences and their spans (0.314ms)
✔ citation markers become source indices, deduplicated and in order (0.094125ms)
✔ a load-bearing sentence with no citation is a claim, and resolves to unsupported (0.096042ms)
✔ a claim's status is the best of its links, and a contradiction stays visible (0.0555ms)
✔ passages carry a locator that points back into the snapshot (0.12625ms)
✔ linking picks the passage that carries the figure, not the one that shares the topic (0.119209ms)
✔ authority separates a statistics office from a forum post (0.861417ms)
✔ freshness is measured against the event, not against today (0.050959ms)
✔ directness separates a filing from a rewrite of one (0.218542ms)
✔ source-policy classification and primary-source requirements are explicit (0.441375ms)
✔ two copies of one wire story count as one witness (0.328208ms)
✔ two different stories about the same subject are not syndication (0.045208ms)
✔ terminal states are sinks — nothing can move a finished run (0.449917ms)
✔ every live state can be cancelled, and every one but paused can be paused (0.055041ms)
✔ the pipeline order the table allows is the order nextPipelineState walks (0.052792ms)
✔ a paused run resumes into the stage its persisted work reached (0.052625ms)
✔ every state maps to a stage the panel can render (0.067416ms)
✔ event seq is monotonic from 1 with no gaps and no repeats (6.597ms)
✔ a client reading from a cursor sees every event exactly once (2.038084ms)
✔ a resumed run does not replay the events it already emitted (1.311459ms)
✔ a worker lease fences a concurrent driver and can be reclaimed after expiry (0.341125ms)
✔ cancel is honoured before the next wave of work is paid for (0.346542ms)
✔ a search sweep dispatches a full wave at once, not one query at a time (10.244666ms)
✔ a cancelled run stays cancelled — a late driver cannot revive it (0.204208ms)
✔ a paused run does no work until it is resumed (0.724333ms)
✔ a run needing confirmation stops before it spends on searching (0.585833ms)
✔ rejecting the plan cancels the run instead of running it anyway (0.089791ms)
✔ coverage is durable and an evidence gap schedules one bounded follow-up (0.787959ms)
✔ citation validation automatically revises once and revalidates the durable report (0.937667ms)
✔ a citation validator that keeps repairing cannot create an unbounded paid loop (0.79225ms)
✔ a constraint added mid-run survives into the plan without a restart (0.176458ms)
✔ a source pinned after the reading stage sends the run back to fetch it (0.591208ms)
✔ steering a finished run is refused rather than silently dropped (1.298875ms)
✔ budgetAllows checks the estimate before the spend, not after (0.056375ms)
✔ the per-run budget stops the run and marks it partially_completed (0.947125ms)
✔ the ceiling stops a query sweep midway, not once the sweep has been paid for (0.241333ms)
✔ a ceiling holding twelve searches' worth of fees buys a sweep, not three queries (0.337875ms)
✔ every stage reserves at least what it bills and no more than the stated margin (0.173792ms)
✔ the citation audit's model spend lands on the run's ledger (0.689959ms)
✔ a ceiling with no room for the audit stops the run instead of auditing on credit (1.262834ms)
✔ a budget too small to gather anything fails rather than pretending to have results (0.061375ms)
✔ a run with no ceiling completes (0.596875ms)
✔ a report citing a source that is not in the corpus completes only partially (0.651334ms)
✔ another account cannot read, steer or stop somebody else's run (0.058875ms)
✔ a thin search preview is opened properly, a full one is left alone (0.653791ms)
✔ deepening never replaces a usable preview with a shorter body (0.350334ms)
✔ a relevant link in a page this run read becomes a source of its own (1.213541ms)
✔ an unreadable PDF says which way it was unreadable (0.053708ms)
✔ an unknown PDF detail degrades to a true sentence, not a crash (0.025625ms)
✔ research production topology has a restart-safe worker (0.641459ms)
ℹ tests 65
ℹ suites 0
ℹ pass 65
ℹ fail 0
ℹ cancelled 0
ℹ skipped 0
ℹ todo 0
ℹ duration_ms 118.629583
