✔ DLP Policy Engine: Block mode blocks payloads with sensitive secrets (0.661542ms)
✔ DLP Policy Engine: Warn mode sanitizes secrets and emits structured audit event (0.086459ms)
✔ DLP Policy Engine: Allow mode allows payload through with audit recording (0.063375ms)
✔ the schema parse finds a plausible number of owned models (1.613708ms)
✔ every user-owned model is either guarded or explicitly waived (8.621708ms)
✔ the guard names the column each model actually declares (0.451125ms)
✔ a waived model is a real model that really is owned (0.373708ms)
✔ the sync tables are guarded on accountId, not userId (0.0525ms)
✔ artifact previews enforce an opaque, no-egress document policy (0.56825ms)
✔ an approval for a move cannot be spent on the delete that was refused (0.788875ms)
✔ the same action against a changed target is a different action (0.083375ms)
✔ a standing always-allow does not survive the narrowing aimed at it (0.104583ms)
✔ verifyApproval is a predicate, not a nonce (0.081125ms)
✔ the digest binds the action, never the account that approved it (0.074166ms)
✔ there are Work route modules to check, and they were found on disk (0.061958ms)
✔ every Work route resolves the caller from the session before it reads a row (2.341958ms)
✔ every Prisma query in a Work route is scoped to the session user (3.113209ms)
✔ no Work route takes an account from anything the caller controls (2.259167ms)
✔ the one helper that takes a userId is only ever handed the session user's (0.261958ms)
✔ the request schemas have no field a client could put an account in (0.131708ms)
✔ permitsTier alone lets an unranked tool through, which is why evaluateTier exists (0.18075ms)
✔ a screen click is refused while a connector is healthy, and permitted once it is not (0.100375ms)
✔ the always-confirm list is matched exactly, never by resemblance (0.047917ms)
✔ the runner's mirror of the domain vocabulary has not drifted (0.095791ms)
✔ one restricted item poisons the whole set, wherever it sits (0.058042ms)
✔ an unclassified set resolves to public, so classifying is the caller's job (0.031959ms)
✔ the artifact shape names every field, so an account and a storage key stay behind (0.808875ms)
✔ an artifact kind this build cannot read is a bundle, not a passthrough (0.042458ms)
✔ an event whose stored visibility is unreadable is internal, never user-visible (0.059625ms)
✔ a bundle entry cannot climb out of the bundle, wherever the dots sit (0.181292ms)
✔ the traversals that only work on somebody else's filesystem are refused too (0.138167ms)
✔ the schema accepts the traversal, and the bundler is what refuses it (1.302041ms)
✔ the validator judges the stored name, not the one JSZip repaired on the way in (7.168125ms)
✔ a title cannot escape the filename or the header it is interpolated into (0.266834ms)
✔ the runner's approval lattice matches the one the server explains (0.177875ms)
✔ the modes differ, which is the whole reason the setting exists (0.025ms)
✔ Skip cannot reach past the floor (0.023584ms)
✔ benign skill versions are clear and their permission fingerprints are canonical (1.406125ms)
✔ instruction override and secret exfiltration signals block a version (0.104958ms)
✔ risky but reviewable execution requests remain warnings (0.072209ms)
✔ wildcard and URL-shaped domains are blocked (0.059208ms)
✔ permission expansion requires consent for newly requested capabilities (0.149584ms)
✔ the runner and routes enforce the persisted gate rather than only displaying it (0.42975ms)
ℹ tests 43
ℹ suites 0
ℹ pass 43
ℹ fail 0
ℹ cancelled 0
ℹ skipped 0
ℹ todo 0
ℹ duration_ms 327.04925
